Ident:foo
Ident:bar123
Member:.member
Member:.,,
Int:123
Float:45.6
Float:7e+8
Float:9e-2
EqEq:==
BangEq:!=
LessEq:<=
GreaterEq:>=
LeftArrow:<-
DotLess:.<
DotLessEq:.<=
DotGreater:.>
DotGreaterEq:.>=
DotPlus:.+
DotMinus:.-
DotStar:.*
DotSlash:./
PipePipe:||
Arrow:->
